[backblue.gif]
[fade.gif]
[index.html]
[www.residencialluizaqueiroz.com.br/SpryAssets/SpryValidationTextField.js]
[www.residencialluizaqueiroz.com.br/js/jquery-1.7.2.min.js]
[www.residencialluizaqueiroz.com.br/shadowbox/shadowbox.js]
[www.residencialluizaqueiroz.com.br/pics/logo.jpg]
[www.residencialluizaqueiroz.com.br/pics/marcas.png]
[www.residencialluizaqueiroz.com.br/index.html]
[www.residencialluizaqueiroz.com.br/pics/bg.jpg]
[www.residencialluizaqueiroz.com.br/pics/bg-conteudo.jpg]
[www.residencialluizaqueiroz.com.br/pics/sidebar.jpg]
[www.residencialluizaqueiroz.com.br/pics/home.jpg]
[www.residencialluizaqueiroz.com.br/pics/empreendimento.jpg]
[www.residencialluizaqueiroz.com.br/pics/imagens.jpg]
[www.residencialluizaqueiroz.com.br/pics/localizacao.jpg]
[www.residencialluizaqueiroz.com.br/pics/folder.jpg]
[www.residencialluizaqueiroz.com.br/pics/contato.jpg]
[www.residencialluizaqueiroz.com.br/css/estilo.css]
[www.residencialluizaqueiroz.com.br/shadowbox/loading.gif]
[www.residencialluizaqueiroz.com.br/shadowbox/close.png]
[www.residencialluizaqueiroz.com.br/shadowbox/next.png]
[www.residencialluizaqueiroz.com.br/shadowbox/previous.png]
[www.residencialluizaqueiroz.com.br/shadowbox/play.png]
[www.residencialluizaqueiroz.com.br/shadowbox/pause.png]
[www.residencialluizaqueiroz.com.br/shadowbox/shadowbox.css]
[www.residencialluizaqueiroz.com.br/SpryAssets/SpryValidationTextField.css]
[www.residencialluizaqueiroz.com.br/mobile/SpryAssets/SpryValidationTextField.js]
[www.residencialluizaqueiroz.com.br/mobile/js/jquery-1.7.2.min.js]
[www.residencialluizaqueiroz.com.br/mobile/shadowbox/shadowbox.js]
[www.residencialluizaqueiroz.com.br/mobile/index.html]
[www.residencialluizaqueiroz.com.br/empreendimento.html]
[www.residencialluizaqueiroz.com.br/pics/fotos/foto03.jpg]
[www.residencialluizaqueiroz.com.br/pics/fotos/ft03.jpg]
[www.residencialluizaqueiroz.com.br/pics/fotos/foto04.jpg]
[www.residencialluizaqueiroz.com.br/pics/fotos/ft04.jpg]
[www.residencialluizaqueiroz.com.br/pics/fotos/foto05.jpg]
[www.residencialluizaqueiroz.com.br/pics/fotos/ft05.jpg]
[www.residencialluizaqueiroz.com.br/pics/fotos/foto08.jpg]
[www.residencialluizaqueiroz.com.br/pics/fotos/ft08.jpg]
[www.residencialluizaqueiroz.com.br/pics/fotos/foto01.jpg]
[www.residencialluizaqueiroz.com.br/pics/fotos/ft01.jpg]
[www.residencialluizaqueiroz.com.br/pics/fotos/foto02.jpg]
[www.residencialluizaqueiroz.com.br/pics/fotos/ft02.jpg]
[www.residencialluizaqueiroz.com.br/pics/fotos/foto06.jpg]
[www.residencialluizaqueiroz.com.br/pics/fotos/ft06.jpg]
[www.residencialluizaqueiroz.com.br/pics/fotos/foto07.jpg]
[www.residencialluizaqueiroz.com.br/pics/fotos/ft07.jpg]
[www.residencialluizaqueiroz.com.br/imagens.html]
[www.residencialluizaqueiroz.com.br/localizacao.html]
[www.residencialluizaqueiroz.com.br/pics/tabela.jpg]
[www.residencialluizaqueiroz.com.br/tabeladeprecos.html]
[www.residencialluizaqueiroz.com.br/contato.html]
[www.residencialluizaqueiroz.com.br/mobile/pics/bg.jpg]
[www.residencialluizaqueiroz.com.br/mobile/pics/home3.jpg]
[www.residencialluizaqueiroz.com.br/mobile/pics/empreendimento.jpg]
[www.residencialluizaqueiroz.com.br/mobile/pics/imagens.jpg]
[www.residencialluizaqueiroz.com.br/mobile/pics/localizacao.jpg]
[www.residencialluizaqueiroz.com.br/mobile/pics/preco.jpg]
[www.residencialluizaqueiroz.com.br/mobile/css/estilo.css]
[www.residencialluizaqueiroz.com.br/mobile/shadowbox/loading.gif]
[www.residencialluizaqueiroz.com.br/mobile/shadowbox/close.png]
[www.residencialluizaqueiroz.com.br/mobile/shadowbox/next.png]
[www.residencialluizaqueiroz.com.br/mobile/shadowbox/previous.png]
[www.residencialluizaqueiroz.com.br/mobile/shadowbox/play.png]
[www.residencialluizaqueiroz.com.br/mobile/shadowbox/pause.png]
[www.residencialluizaqueiroz.com.br/mobile/shadowbox/shadowbox.css]
[www.residencialluizaqueiroz.com.br/mobile/SpryAssets/SpryValidationTextField.css]
[www.residencialluizaqueiroz.com.br/mobile/index-2.html]
[www.residencialluizaqueiroz.com.br/mobile/empreendimento.html]
[www.residencialluizaqueiroz.com.br/mobile/pics/fotos/foto01.jpg]
[www.residencialluizaqueiroz.com.br/mobile/pics/fotos/ft01.jpg]
[www.residencialluizaqueiroz.com.br/mobile/pics/fotos/foto02.jpg]
[www.residencialluizaqueiroz.com.br/mobile/pics/fotos/ft02.jpg]
[www.residencialluizaqueiroz.com.br/mobile/pics/fotos/foto03.jpg]
[www.residencialluizaqueiroz.com.br/mobile/pics/fotos/ft03.jpg]
[www.residencialluizaqueiroz.com.br/mobile/pics/fotos/foto04.jpg]
[www.residencialluizaqueiroz.com.br/mobile/pics/fotos/ft04.jpg]
[www.residencialluizaqueiroz.com.br/mobile/pics/fotos/foto05.jpg]
[www.residencialluizaqueiroz.com.br/mobile/pics/fotos/ft05.jpg]
[www.residencialluizaqueiroz.com.br/mobile/pics/fotos/foto06.jpg]
[www.residencialluizaqueiroz.com.br/mobile/pics/fotos/ft06.jpg]
[www.residencialluizaqueiroz.com.br/mobile/pics/fotos/foto07.jpg]
[www.residencialluizaqueiroz.com.br/mobile/pics/fotos/ft07.jpg]
[www.residencialluizaqueiroz.com.br/mobile/pics/fotos/foto08.jpg]
[www.residencialluizaqueiroz.com.br/mobile/pics/fotos/ft08.jpg]
[www.residencialluizaqueiroz.com.br/mobile/imagens.html]
[www.residencialluizaqueiroz.com.br/mobile/localizacao.html]
[www.residencialluizaqueiroz.com.br/mobile/pics/tabela.jpg]
[www.residencialluizaqueiroz.com.br/mobile/tabeladeprecos.html]
[www.residencialluizaqueiroz.com.br/mobile/contato.html]
